--------------------------------------------------------------------------------
Release 14.7 Trace  (nt64)
Copyright (c) 1995-2013 Xilinx, Inc.  All rights reserved.

C:\Xilinx\14.7\ISE_DS\ISE\bin\nt64\unwrapped\trce.exe -intstyle ise -v 3 -s 3
-n 3 -fastpaths -xml top.twx top.ncd -o top.twr top.pcf -ucf top.ucf

Design file:              top.ncd
Physical constraint file: top.pcf
Device,package,speed:     xc6slx9,tqg144,C,-3 (PRODUCTION 1.23 2013-10-13)
Report level:             verbose report

Environment Variable      Effect 
--------------------      ------ 
NONE                      No environment variables were set
--------------------------------------------------------------------------------

INFO:Timing:2698 - No timing constraints found, doing default enumeration.
INFO:Timing:3412 - To improve timing, see the Timing Closure User Guide (UG612).
INFO:Timing:2752 - To get complete path coverage, use the unconstrained paths 
   option. All paths that are not constrained will be reported in the 
   unconstrained paths section(s) of the report.
INFO:Timing:3339 - The clock-to-out numbers in this timing report are based on 
   a 50 Ohm transmission line loading model.  For the details of this model, 
   and for more information on accounting for different loading conditions, 
   please see the device datasheet.



Data Sheet report:
-----------------
All values displayed in nanoseconds (ns)

Clock clk to Pad
------------+-----------------+------------+-----------------+------------+------------------+--------+
            |Max (slowest) clk|  Process   |Min (fastest) clk|  Process   |                  | Clock  |
Destination |  (edge) to PAD  |   Corner   |  (edge) to PAD  |   Corner   |Internal Clock(s) | Phase  |
------------+-----------------+------------+-----------------+------------+------------------+--------+
speaker<0>  |         8.490(R)|      SLOW  |         4.571(R)|      FAST  |clk_BUFGP         |   0.000|
speaker<1>  |         7.645(R)|      SLOW  |         3.990(R)|      FAST  |clk_BUFGP         |   0.000|
speaker<2>  |         8.868(R)|      SLOW  |         4.832(R)|      FAST  |clk_BUFGP         |   0.000|
speaker<3>  |         8.279(R)|      SLOW  |         4.412(R)|      FAST  |clk_BUFGP         |   0.000|
speaker<4>  |         8.274(R)|      SLOW  |         4.399(R)|      FAST  |clk_BUFGP         |   0.000|
speaker<5>  |         7.812(R)|      SLOW  |         4.038(R)|      FAST  |clk_BUFGP         |   0.000|
speaker<6>  |         7.395(R)|      SLOW  |         3.790(R)|      FAST  |clk_BUFGP         |   0.000|
speaker<7>  |         8.617(R)|      SLOW  |         4.587(R)|      FAST  |clk_BUFGP         |   0.000|
speaker<8>  |         8.459(R)|      SLOW  |         4.486(R)|      FAST  |clk_BUFGP         |   0.000|
speaker<9>  |         7.750(R)|      SLOW  |         3.972(R)|      FAST  |clk_BUFGP         |   0.000|
speaker<10> |         8.529(R)|      SLOW  |         4.557(R)|      FAST  |clk_BUFGP         |   0.000|
speaker<11> |         8.148(R)|      SLOW  |         4.276(R)|      FAST  |clk_BUFGP         |   0.000|
speaker<12> |         7.605(R)|      SLOW  |         3.901(R)|      FAST  |clk_BUFGP         |   0.000|
------------+-----------------+------------+-----------------+------------+------------------+--------+

Clock to Setup on destination clock clk
---------------+---------+---------+---------+---------+
               | Src:Rise| Src:Fall| Src:Rise| Src:Fall|
Source Clock   |Dest:Rise|Dest:Rise|Dest:Fall|Dest:Fall|
---------------+---------+---------+---------+---------+
clk            |    3.631|         |         |         |
---------------+---------+---------+---------+---------+

Pad to Pad
---------------+---------------+---------+
Source Pad     |Destination Pad|  Delay  |
---------------+---------------+---------+
SW<0>          |led<1>         |    7.837|
SW<0>          |sevSeg<0>      |    9.281|
SW<0>          |sevSeg<1>      |    8.452|
SW<0>          |sevSeg<2>      |   11.591|
SW<0>          |sevSeg<3>      |   10.023|
SW<0>          |sevSeg<4>      |   10.902|
SW<0>          |sevSeg<5>      |   10.627|
SW<0>          |sevSeg<6>      |    8.685|
SW<0>          |sevSeg<7>      |   10.395|
SW<0>          |speaker<0>     |    9.218|
SW<1>          |led<2>         |    6.664|
SW<1>          |sevSeg<0>      |    8.360|
SW<1>          |sevSeg<1>      |    8.517|
SW<1>          |sevSeg<2>      |    9.723|
SW<1>          |sevSeg<3>      |    8.027|
SW<1>          |sevSeg<4>      |    8.824|
SW<1>          |sevSeg<5>      |    8.449|
SW<1>          |sevSeg<6>      |    8.007|
SW<1>          |sevSeg<7>      |    8.527|
SW<1>          |speaker<1>     |    6.845|
SW<2>          |led<0>         |    8.220|
SW<2>          |led<3>         |    8.988|
SW<2>          |sevSeg<0>      |    8.143|
SW<2>          |sevSeg<1>      |    8.649|
SW<2>          |sevSeg<2>      |   10.825|
SW<2>          |sevSeg<3>      |    9.257|
SW<2>          |sevSeg<4>      |    9.901|
SW<2>          |sevSeg<5>      |    9.626|
SW<2>          |sevSeg<6>      |    9.014|
SW<2>          |sevSeg<7>      |    9.629|
SW<2>          |speaker<2>     |   10.934|
SW<3>          |led<3>         |    7.951|
SW<3>          |sevSeg<0>      |    8.472|
SW<3>          |sevSeg<1>      |    9.003|
SW<3>          |sevSeg<2>      |   10.235|
SW<3>          |sevSeg<3>      |    8.667|
SW<3>          |sevSeg<4>      |    9.358|
SW<3>          |sevSeg<5>      |    9.083|
SW<3>          |sevSeg<6>      |    8.877|
SW<3>          |sevSeg<7>      |    9.039|
SW<3>          |speaker<3>     |    8.250|
SW<4>          |led<0>         |    8.636|
SW<4>          |led<4>         |    8.897|
SW<4>          |sevSeg<0>      |    9.146|
SW<4>          |sevSeg<1>      |    8.690|
SW<4>          |sevSeg<2>      |    9.320|
SW<4>          |sevSeg<3>      |    9.073|
SW<4>          |sevSeg<4>      |    9.981|
SW<4>          |sevSeg<5>      |    9.184|
SW<4>          |sevSeg<6>      |    8.710|
SW<4>          |sevSeg<7>      |    8.003|
SW<4>          |speaker<4>     |    9.340|
SW<5>          |led<4>         |    8.332|
SW<5>          |sevSeg<0>      |    8.520|
SW<5>          |sevSeg<1>      |    8.333|
SW<5>          |sevSeg<2>      |    9.216|
SW<5>          |sevSeg<3>      |    8.619|
SW<5>          |sevSeg<4>      |    9.527|
SW<5>          |sevSeg<5>      |    9.120|
SW<5>          |sevSeg<6>      |    8.963|
SW<5>          |sevSeg<7>      |    7.954|
SW<5>          |speaker<5>     |    6.767|
SW<6>          |led<0>         |    9.055|
SW<6>          |led<5>         |    9.073|
SW<6>          |sevSeg<0>      |    9.579|
SW<6>          |sevSeg<1>      |    9.068|
SW<6>          |sevSeg<2>      |   11.263|
SW<6>          |sevSeg<3>      |    9.695|
SW<6>          |sevSeg<4>      |   10.382|
SW<6>          |sevSeg<5>      |   10.107|
SW<6>          |sevSeg<6>      |    8.573|
SW<6>          |sevSeg<7>      |   10.067|
SW<6>          |speaker<6>     |    6.678|
SW<7>          |led<5>         |    9.075|
SW<7>          |sevSeg<0>      |   10.321|
SW<7>          |sevSeg<1>      |    9.318|
SW<7>          |sevSeg<2>      |   12.057|
SW<7>          |sevSeg<3>      |   11.060|
SW<7>          |sevSeg<4>      |   11.942|
SW<7>          |sevSeg<5>      |   11.667|
SW<7>          |sevSeg<6>      |    9.725|
SW<7>          |sevSeg<7>      |   10.861|
SW<7>          |speaker<7>     |    9.168|
SW<8>          |led<6>         |    8.518|
SW<8>          |sevSeg<0>      |   10.877|
SW<8>          |sevSeg<1>      |   10.960|
SW<8>          |sevSeg<2>      |   12.984|
SW<8>          |sevSeg<3>      |   11.616|
SW<8>          |sevSeg<4>      |   12.498|
SW<8>          |sevSeg<5>      |   12.223|
SW<8>          |sevSeg<6>      |   10.281|
SW<8>          |sevSeg<7>      |   11.788|
SW<8>          |speaker<8>     |    8.786|
SW<9>          |led<0>         |    7.954|
SW<9>          |led<7>         |    7.772|
SW<9>          |sevSeg<0>      |    9.002|
SW<9>          |sevSeg<1>      |    9.233|
SW<9>          |sevSeg<2>      |    9.434|
SW<9>          |sevSeg<3>      |    8.859|
SW<9>          |sevSeg<4>      |   10.144|
SW<9>          |sevSeg<5>      |    8.923|
SW<9>          |sevSeg<6>      |    8.576|
SW<9>          |sevSeg<7>      |    8.238|
SW<9>          |speaker<9>     |    8.423|
SW<10>         |led<7>         |   10.429|
SW<10>         |sevSeg<0>      |    9.988|
SW<10>         |sevSeg<1>      |    9.949|
SW<10>         |sevSeg<2>      |   11.090|
SW<10>         |sevSeg<3>      |    9.868|
SW<10>         |sevSeg<4>      |   10.930|
SW<10>         |sevSeg<5>      |   10.500|
SW<10>         |sevSeg<6>      |   10.009|
SW<10>         |sevSeg<7>      |    9.894|
SW<10>         |speaker<10>    |    8.554|
SW<11>         |led<0>         |    8.965|
SW<11>         |led<8>         |    8.478|
SW<11>         |sevSeg<0>      |    9.165|
SW<11>         |sevSeg<1>      |    8.559|
SW<11>         |sevSeg<2>      |   11.691|
SW<11>         |sevSeg<3>      |   10.123|
SW<11>         |sevSeg<4>      |   10.731|
SW<11>         |sevSeg<5>      |    9.929|
SW<11>         |sevSeg<6>      |    8.415|
SW<11>         |sevSeg<7>      |   10.495|
SW<11>         |speaker<11>    |    9.948|
SW<12>         |led<8>         |    9.753|
SW<12>         |sevSeg<0>      |   10.639|
SW<12>         |sevSeg<1>      |    9.660|
SW<12>         |sevSeg<2>      |   12.708|
SW<12>         |sevSeg<3>      |   11.378|
SW<12>         |sevSeg<4>      |   12.260|
SW<12>         |sevSeg<5>      |   11.985|
SW<12>         |sevSeg<6>      |   10.043|
SW<12>         |sevSeg<7>      |   11.512|
SW<12>         |speaker<12>    |    6.704|
---------------+---------------+---------+


Analysis completed Mon Nov 13 12:49:06 2023 
--------------------------------------------------------------------------------

Trace Settings:
-------------------------
Trace Settings 

Peak Memory Usage: 4570 MB



